// Vitest Snapshot v1, https://vitest.dev/guide/snapshot.html

exports[`<GridText /> > should match snapshot 1`] = `
.c4 {
  color: #FFFFFF;
  font-size: 6.4rem;
  text-transform: uppercase;
}

.c12 {
  color: #FFFFFF;
  font-size: 3.2rem;
  text-transform: none;
}

.c6 {
  font-size: 2.4rem;
}

.c2 {
  width: 100%;
  max-width: 120rem;
  margin: 0 auto;
}

.c2 .c5 {
  margin-bottom: 6.4rem;
  opacity: 0.9;
}

.c2 >.c3 {
  text-shadow: 0.1rem 0.1rem 0.2rem rgba(0, 0, 0, 0.2);
  margin-bottom: 2.4rem;
}

.c7 {
  counter-reset: grid-counter;
  display: grid;
  max-width: 100%;
  grid-template-columns: repeat(auto-fit, minmax(min(100%, 32rem), 1fr));
  gap: 4.0rem;
}

.c9 {
  position: relative;
  overflow: hidden;
  box-shadow: 0 4px 8px rgba(0, 0, 0, 0.1);
  transition: all 0.3s ease-in-out;
  border-radius: 10px;
  padding: 2.4rem;
  background: rgba(255, 255, 255, 0.03);
  border-radius: 8rem;
}

.c9:hover {
  transform: translateY(-6px);
  background: rgba(255, 255, 255, 0.05);
}

.c9 .c5 {
  opacity: 0.85;
  line-height: 1.6;
}

.c10 {
  display: flex;
  align-items: center;
  margin-bottom: 2.4rem;
  position: relative;
}

.c10 .c3 {
  margin: 0;
  padding-left: 2.4rem;
}

.c11 {
  font-size: 6.4rem;
  font-weight: 700;
  opacity: 0.15;
  transition: all 0.3s ease-in-out;
}

.c8:hover .c11 {
  opacity: 0.2;
  transform: scale(1.1) rotate(5deg);
}

.c1 {
  max-width: 120rem;
  margin: 0 auto;
  width: 100%;
  padding: 3.2rem;
}

.c0 {
  background: #FFFFFF;
  color: #0A1128;
  background-image: url(/assets/images/backgrounds/blue-bg.svg);
  background-size: cover;
  background-position: center center;
  background-repeat: no-repeat;
  color: #FFFFFF;
  min-height: 100vh;
  display: flex;
  align-items: center;
}

@media (max-width: 768px) {
  .c4 {
    font-size: 4.0rem;
  }
}

@media (max-width: 768px) {
  .c2 .c5 {
    margin-bottom: 3.2rem;
  }
}

@media (max-width: 768px) {
  .c7 {
    grid-template-columns: 1fr;
  }
}

<div>
  <div
    class="c0"
    id=""
  >
    <div
      class="c1"
    >
      <div
        class="c2"
      >
        <h2
          class="c3 c4"
        >
          Our Services
        </h2>
        <div
          class="c5 c6"
        >
          We offer complete software development solutions, focusing on quality and innovation. Our specialized team is ready to turn your ideas into reality.
        </div>
        <div
          class="c7"
          role="grid"
        >
          <div
            class="c8 c9"
            role="article"
          >
            <div
              class="c10"
            >
              <span
                class="c11"
              >
                1
              </span>
               
              <h3
                class="c3 c12"
              >
                Technical Consulting
              </h3>
            </div>
            <div
              class="c5 c6"
            >
              We provide specialized consulting in software architecture, technology choices, and development best practices. We help your team make the best technical decisions.
            </div>
          </div>
          <div
            class="c8 c9"
            role="article"
          >
            <div
              class="c10"
            >
              <span
                class="c11"
              >
                2
              </span>
               
              <h3
                class="c3 c12"
              >
                Web Development
              </h3>
            </div>
            <div
              class="c5 c6"
            >
              We create modern and responsive web applications using the latest market technologies. Our focus is on React, Next.js, and Node.js, ensuring performance and scalability for your project.
            </div>
          </div>
          <div
            class="c8 c9"
            role="article"
          >
            <div
              class="c10"
            >
              <span
                class="c11"
              >
                3
              </span>
               
              <h3
                class="c3 c12"
              >
                UX/UI Design
              </h3>
            </div>
            <div
              class="c5 c6"
            >
              Our design team creates intuitive and attractive interfaces, focusing on user experience. We work with prototyping, usability testing, and complete design systems.
            </div>
          </div>
        </div>
      </div>
    </div>
  </div>
</div>
`;
