// Vitest Snapshot v1, https://vitest.dev/guide/snapshot.html

exports[`<SectionContainer /> > should render content 1`] = `
.c0 {
  max-width: 120rem;
  margin: 0 auto;
  width: 100%;
  padding: 3.2rem;
}

<div>
  <div
    class="c0"
  >
    <h1>
      Children
    </h1>
  </div>
</div>
`;
