// Vitest Snapshot v1, https://vitest.dev/guide/snapshot.html

exports[`<GoTop /> > should match snapshot 1`] = `
.c0 {
  position: fixed;
  display: flex;
  align-items: center;
  justify-content: center;
  width: 4rem;
  height: 4rem;
  bottom: 2rem;
  right: 2rem;
  z-index: 6;
  background: #0A1128;
  color: #FFFFFF;
  border-radius: 0.4rem;
  transition: all 0.2s ease-in-out;
  box-shadow: 0 2px 4px rgba(0, 0, 0, 0.2);
}

.c0:hover {
  transform: translateY(-3px);
  box-shadow: 0 4px 8px rgba(0, 0, 0, 0.3);
  background: #dc143c;
}

.c0:active {
  transform: translateY(0);
  box-shadow: 0 1px 2px rgba(0, 0, 0, 0.2);
  background: #0A1128;
}

.c0 >svg {
  width: 2.4rem;
  height: 2.4rem;
  transition: transform 0.2s ease-in-out;
}

.c0:hover>svg {
  transform: translateY(-3px);
}

.c0:active>svg {
  transform: translateY(0);
}

.c1 {
  display: inline-block;
  vertical-align: middle;
  overflow: hidden;
}

<div>
  <a
    aria-label="Go to top"
    class="c0"
    href="#"
    title="Go to top"
  >
    <svg
      aria-hidden="true"
      class="c1"
      fill="currentColor"
      focusable="false"
      viewBox="0 0 24 24"
      xmlns="http://www.w3.org/2000/svg"
    >
      <path
        d="M7.41 15.41 12 10.83l4.59 4.58L18 14l-6-6-6 6 1.41 1.41z"
      />
    </svg>
  </a>
</div>
`;
